[
  [
    "cli.d.mts",
    "export { };",
  ],
  [
    "cli.mjs",
    "#!/usr/bin/env node
//#region src/cli.ts
console.log("hello world");

//#endregion",
  ],
  [
    "index.d.mts",
    "//#region src/index.d.ts
declare function test(): string;
declare const _default: string;
//#endregion
export { _default as default, test };",
  ],
  [
    "index.mjs",
    "//#region src/index.ts
function test() {
	return "test bundled";
}
var src_default = "default export";

//#endregion
export { src_default as default, test };",
  ],
  [
    "min/components/jsx.mjs",
    "import{jsx as _jsx,jsxs as _jsxs}from"react/jsx-runtime";export const JsxComponent=()=>_jsxs(`div`,{className:`comment`,children:[_jsx(`h2`,{className:`commentAuthor`,children:this.props.author}),this.props.children]});",
  ],
  [
    "min/components/jsx.mjs.map",
    "{"mappings":"AAAA,OAAS,OAAO,KAAM,QAAQ,UAAa,mBAAoB,CAC/D,OAAO,MAAM,aAAe,IACJ,MAAM,MAAO,CACnC,UAAW,UACX,SAAU,CAAiB,KAAK,KAAM,CACrC,UAAW,gBACX,SAAU,KAAK,MAAM,MACrB,EAAC,CAAE,KAAK,MAAM,QAAS,CACxB,EAAC","names":[],"sources":["jsx.src.mjs"],"sourcesContent":["import { jsx as _jsx, jsxs as _jsxs } from \"react/jsx-runtime\";\nexport const JsxComponent = () => {\n\treturn /* @__PURE__ */ _jsxs(\"div\", {\n\t\tclassName: \"comment\",\n\t\tchildren: [/* @__PURE__ */ _jsx(\"h2\", {\n\t\t\tclassName: \"commentAuthor\",\n\t\t\tchildren: this.props.author\n\t\t}), this.props.children]\n\t});\n};\n"],"version":3,"file":"components/jsx.mjs"}",
  ],
  [
    "min/components/jsx.src.mjs",
    "import { jsx as _jsx, jsxs as _jsxs } from "react/jsx-runtime";
export const JsxComponent = () => {
	return /* @__PURE__ */ _jsxs("div", {
		className: "comment",
		children: [/* @__PURE__ */ _jsx("h2", {
			className: "commentAuthor",
			children: this.props.author
		}), this.props.children]
	});
};
",
  ],
  [
    "min/components/tsx.d.mts",
    "// @ts-nocheck
export declare const TsxComponent: any;
",
  ],
  [
    "min/components/tsx.mjs",
    "import{jsx as _jsx,jsxs as _jsxs}from"react/jsx-runtime";export const TsxComponent=()=>_jsxs(`div`,{className:`comment`,children:[_jsx(`h2`,{className:`commentAuthor`,children:this.props.author}),this.props.children]});",
  ],
  [
    "min/components/tsx.mjs.map",
    "{"mappings":"AAAA,OAAS,OAAO,KAAM,QAAQ,UAAa,mBAAoB,CAE/D,OAAO,MAAM,aAAe,IACJ,MAAM,MAAO,CACnC,UAAW,UACX,SAAU,CAAiB,KAAK,KAAM,CACrC,UAAW,gBACX,SAAU,KAAK,MAAM,MACrB,EAAC,CAAE,KAAK,MAAM,QAAS,CACxB,EAAC","names":[],"sources":["tsx.src.mjs"],"sourcesContent":["import { jsx as _jsx, jsxs as _jsxs } from \"react/jsx-runtime\";\n// @ts-nocheck\nexport const TsxComponent = () => {\n\treturn /* @__PURE__ */ _jsxs(\"div\", {\n\t\tclassName: \"comment\",\n\t\tchildren: [/* @__PURE__ */ _jsx(\"h2\", {\n\t\t\tclassName: \"commentAuthor\",\n\t\t\tchildren: this.props.author\n\t\t}), this.props.children]\n\t});\n};\n"],"version":3,"file":"components/tsx.mjs"}",
  ],
  [
    "min/components/tsx.src.mjs",
    "import { jsx as _jsx, jsxs as _jsxs } from "react/jsx-runtime";
// @ts-nocheck
export const TsxComponent = () => {
	return /* @__PURE__ */ _jsxs("div", {
		className: "comment",
		children: [/* @__PURE__ */ _jsx("h2", {
			className: "commentAuthor",
			children: this.props.author
		}), this.props.children]
	});
};
",
  ],
  [
    "min/modules/js-module.mjs",
    "export function jsModule(){return`js-module`}",
  ],
  [
    "min/modules/js-module.mjs.map",
    "{"mappings":"AAAA,OAAO,SAAS,UAAW,CACzB,MAAO,WACR","names":[],"sources":["js-module.src.mjs"],"sourcesContent":["export function jsModule() {\n  return \"js-module\";\n}\n"],"version":3,"file":"modules/js-module.mjs"}",
  ],
  [
    "min/modules/js-module.src.mjs",
    "export function jsModule() {
  return "js-module";
}
",
  ],
  [
    "min/modules/mjs-module.mjs",
    "export function mjsModule(){return`mjs-module`}",
  ],
  [
    "min/modules/mjs-module.mjs.map",
    "{"mappings":"AAAA,OAAO,SAAS,WAAY,CAC1B,MAAO,YACR","names":[],"sources":["mjs-module.src.mjs"],"sourcesContent":["export function mjsModule() {\n  return \"mjs-module\";\n}\n"],"version":3,"file":"modules/mjs-module.mjs"}",
  ],
  [
    "min/modules/mjs-module.src.mjs",
    "export function mjsModule() {
  return "mjs-module";
}
",
  ],
  [
    "min/modules/ts-module.d.mts",
    "export declare function tsModule(): string;
",
  ],
  [
    "min/modules/ts-module.mjs",
    "export function tsModule(){return`js-module`}",
  ],
  [
    "min/modules/ts-module.mjs.map",
    "{"mappings":"AAAA,OAAO,SAAS,UAAW,CAC1B,MAAO,WACP","names":[],"sources":["ts-module.src.mjs"],"sourcesContent":["export function tsModule() {\n\treturn \"js-module\";\n}\n"],"version":3,"file":"modules/ts-module.mjs"}",
  ],
  [
    "min/modules/ts-module.src.mjs",
    "export function tsModule() {
	return "js-module";
}
",
  ],
  [
    "runtime/components/jsx.mjs",
    "import { jsx as _jsx, jsxs as _jsxs } from "react/jsx-runtime";
export const JsxComponent = () => {
	return /* @__PURE__ */ _jsxs("div", {
		className: "comment",
		children: [/* @__PURE__ */ _jsx("h2", {
			className: "commentAuthor",
			children: this.props.author
		}), this.props.children]
	});
};
",
  ],
  [
    "runtime/components/tsx.d.mts",
    "// @ts-nocheck
export declare const TsxComponent: any;
",
  ],
  [
    "runtime/components/tsx.mjs",
    "import { jsx as _jsx, jsxs as _jsxs } from "react/jsx-runtime";
// @ts-nocheck
export const TsxComponent = () => {
	return /* @__PURE__ */ _jsxs("div", {
		className: "comment",
		children: [/* @__PURE__ */ _jsx("h2", {
			className: "commentAuthor",
			children: this.props.author
		}), this.props.children]
	});
};
",
  ],
  [
    "runtime/components/vue.vue",
    "<template>
  <div :data-test="toValue('hello')" />
</template>

<script>
export default { name: "App" };
</script>

<script setup>
import { toValue, ref } from "vue";
defineProps({
  msg: { type: String, required: true }
});
const msg = ref(1);
</script>

<style scoped>
#main {
  .foo {
    color: --var-red;
  }
}
</style>
",
  ],
  [
    "runtime/index.d.mts",
    "export { test } from "./test.mjs";
// Module resolution test imports, using no extensions
export { tsModule } from "./modules/ts-module.mjs";
export { TsxComponent } from "./components/tsx.mjs";
// @ts-expect-error - JS test file
export { jsModule } from "./modules/js-module.mjs";
// @ts-expect-error - JSX test file
export { JsxComponent } from "./components/jsx.mjs";
declare const _default: string;
export default _default;
",
  ],
  [
    "runtime/index.mjs",
    "export { test } from "./test.mjs";
// Module resolution test imports, using no extensions
export { tsModule } from "./modules/ts-module.mjs";
export { TsxComponent } from "./components/tsx.mjs";
// @ts-expect-error - JS test file
export { jsModule } from "./modules/js-module.mjs";
// @ts-expect-error - JSX test file
export { JsxComponent } from "./components/jsx.mjs";
export default "default export";
",
  ],
  [
    "runtime/modules/js-module.mjs",
    "export function jsModule() {
  return "js-module";
}
",
  ],
  [
    "runtime/modules/mjs-module.mjs",
    "export function mjsModule() {
  return "mjs-module";
}
",
  ],
  [
    "runtime/modules/ts-module.d.mts",
    "export declare function tsModule(): string;
",
  ],
  [
    "runtime/modules/ts-module.mjs",
    "export function tsModule() {
	return "js-module";
}
",
  ],
  [
    "runtime/test.d.mts",
    "export declare function test(): string;
",
  ],
  [
    "runtime/test.mjs",
    "export function test() {
	return "test";
}
",
  ],
  [
    "utils.d.mts",
    "//#region src/utils.d.ts
declare function test(): string;
declare const _default: string;
//#endregion
export { _default as default, test };",
  ],
  [
    "utils.mjs",
    "//#region src/utils.ts
function test() {
	return "utils bundled";
}
var utils_default = "default utils export";

//#endregion
export { utils_default as default, test };",
  ],
]